lychee	Run lycheeverse/lychee-action@v2	﻿2026-10-05T10:23:55.0787947Z ##[group]Run lycheeverse/lychee-action@v2
lychee	Run lycheeverse/lychee-action@v2	2026-10-05T10:23:55.0788719Z with:
lychee	Run lycheeverse/lychee-action@v2	2026-10-05T10:23:55.0790090Z   args: --no-progress --include-fragments --exclude-path node_modules --exclude-path .venv --exclude https://www.npmjs.com/ --accept 200,206,429 './**/*.md'
lychee	Run lycheeverse/lychee-action@v2	2026-10-05T10:23:55.0791623Z   fail: true
lychee	Run lycheeverse/lychee-action@v2	2026-10-05T10:23:55.0792311Z   debug: false
lychee	Run lycheeverse/lychee-action@v2	2026-10-05T10:23:55.0792839Z   failIfEmpty: true
lychee	Run lycheeverse/lychee-action@v2	2026-10-05T10:23:55.0793384Z   format: markdown
lychee	Run lycheeverse/lychee-action@v2	2026-10-05T10:23:55.0847513Z   jobSummary: true
lychee	Run lycheeverse/lychee-action@v2	2026-10-05T10:23:55.0848549Z   lycheeVersion: v0.24.2
lychee	Run lycheeverse/lychee-action@v2	2026-10-05T10:23:55.0849331Z   output: lychee/out.md
lychee	Run lycheeverse/lychee-action@v2	2026-10-05T10:23:55.0849906Z   checkbox: true
lychee	Run lycheeverse/lychee-action@v2	2026-10-05T10:23:55.0854916Z   token: ***
lychee	Run lycheeverse/lychee-action@v2	2026-10-05T10:23:55.0855425Z   workingDirectory: .
lychee	Run lycheeverse/lychee-action@v2	2026-10-05T10:23:55.0855969Z ##[endgroup]
lychee	Run lycheeverse/lychee-action@v2	2026-10-05T10:23:55.0900913Z ##[start-action display=Set up environment;id=__lycheeverse_lychee-action.__run]
lychee	Run lycheeverse/lychee-action@v2	2026-10-05T10:23:55.0946198Z ##[group]Run # Install into $RUNNER_TEMP (not $HOME) so the install path is stable
lychee	Run lycheeverse/lychee-action@v2	2026-10-05T10:23:55.0947592Z ^[[36;1m# Install into $RUNNER_TEMP (not $HOME) so the install path is stable^[[0m
lychee	Run lycheeverse/lychee-action@v2	2026-10-05T10:23:55.0948768Z ^[[36;1m# across composite steps. On some runners $HOME is overridden per step^[[0m
lychee	Run lycheeverse/lychee-action@v2	2026-10-05T10:23:55.0949914Z ^[[36;1m# (e.g. actions/checkout temporarily sets it), which made the PATH^[[0m
lychee	Run lycheeverse/lychee-action@v2	2026-10-05T10:23:55.0951006Z ^[[36;1m# entry from one step and the install in another step diverge.^[[0m
lychee	Run lycheeverse/lychee-action@v2	2026-10-05T10:23:55.0951968Z ^[[36;1mecho "$RUNNER_TEMP/lychee/bin" >> "$GITHUB_PATH"^[[0m
lychee	Run lycheeverse/lychee-action@v2	2026-10-05T10:23:55.0953124Z ^[[36;1mmkdir -p "$RUNNER_TEMP/lychee/bin"^[[0m
lychee	Run lycheeverse/lychee-action@v2	2026-10-05T10:23:55.1195655Z shell: /usr/bin/bash --noprofile --norc -e -o pipefail {0}
lychee	Run lycheeverse/lychee-action@v2	2026-10-05T10:23:55.1196565Z ##[endgroup]
lychee	Run lycheeverse/lychee-action@v2	2026-10-05T10:23:55.1749221Z ##[end-action id=__lycheeverse_lychee-action.__run;outcome=success;conclusion=success;duration_ms=84]
lychee	Run lycheeverse/lychee-action@v2	2026-10-05T10:23:55.1760927Z ##[start-action display=Download and extract lychee in temp directory;id=__lycheeverse_lychee-action.lychee-setup]
lychee	Run lycheeverse/lychee-action@v2	2026-10-05T10:23:55.1967543Z ##[group]Run # Create a temporary directory for downloads and extraction
lychee	Run lycheeverse/lychee-action@v2	2026-10-05T10:23:55.1968808Z ^[[36;1m# Create a temporary directory for downloads and extraction^[[0m
lychee	Run lycheeverse/lychee-action@v2	2026-10-05T10:23:55.1969718Z ^[[36;1mTEMP_DIR="${RUNNER_TEMP}/lychee-download"^[[0m
lychee	Run lycheeverse/lychee-action@v2	2026-10-05T10:23:55.1970537Z ^[[36;1mrm -rf "${TEMP_DIR}" && mkdir -p "${TEMP_DIR}"^[[0m
lychee	Run lycheeverse/lychee-action@v2	2026-10-05T10:23:55.1971286Z ^[[36;1mcd "${TEMP_DIR}"^[[0m
lychee	Run lycheeverse/lychee-action@v2	2026-10-05T10:23:55.1971839Z ^[[36;1m^[[0m
lychee	Run lycheeverse/lychee-action@v2	2026-10-05T10:23:55.1972404Z ^[[36;1mARCH=$(uname -m)^[[0m
lychee	Run lycheeverse/lychee-action@v2	2026-10-05T10:23:55.1973123Z ^[[36;1m# Determine filename and download URL based on version^[[0m
lychee	Run lycheeverse/lychee-action@v2	2026-10-05T10:23:55.1974048Z ^[[36;1mif [[ "${LYCHEE_VERSION}" =~ ^v0\.0|^v0\.1[0-5]\. ]]; then^[[0m
lychee	Run lycheeverse/lychee-action@v2	2026-10-05T10:23:55.1975069Z ^[[36;1m  FILENAME="lychee-${LYCHEE_VERSION}-${ARCH}-unknown-linux-gnu.tar.gz"^[[0m
lychee	Run lycheeverse/lychee-action@v2	2026-10-05T10:23:55.1976488Z ^[[36;1m  DOWNLOAD_URL="https://github.com/lycheeverse/lychee/releases/download/${LYCHEE_VERSION}/${FILENAME}"^[[0m
lychee	Run lycheeverse/lychee-action@v2	2026-10-05T10:23:55.1977604Z ^[[36;1melse^[[0m
lychee	Run lycheeverse/lychee-action@v2	2026-10-05T10:23:55.1978245Z ^[[36;1m  FILENAME="lychee-${ARCH}-unknown-linux-gnu.tar.gz"^[[0m
lychee	Run lycheeverse/lychee-action@v2	2026-10-05T10:23:55.1979119Z ^[[36;1m  if [[ "${LYCHEE_VERSION}" == 'nightly' ]]; then^[[0m
lychee	Run lycheeverse/lychee-action@v2	2026-10-05T10:23:55.1980278Z ^[[36;1m    DOWNLOAD_URL="https://github.com/lycheeverse/lychee/releases/download/nightly/${FILENAME}"^[[0m
lychee	Run lycheeverse/lychee-action@v2	2026-10-05T10:23:55.1981585Z ^[[36;1m  elif [[ "${LYCHEE_VERSION}" == 'latest' ]]; then^[[0m
lychee	Run lycheeverse/lychee-action@v2	2026-10-05T10:23:55.1982791Z ^[[36;1m    DOWNLOAD_URL="https://github.com/lycheeverse/lychee/releases/latest/download/${FILENAME}"^[[0m
lychee	Run lycheeverse/lychee-action@v2	2026-10-05T10:23:55.1983843Z ^[[36;1m  else^[[0m
lychee	Run lycheeverse/lychee-action@v2	2026-10-05T10:23:55.1984907Z ^[[36;1m    DOWNLOAD_URL="https://github.com/lycheeverse/lychee/releases/download/lychee-${LYCHEE_VERSION}/${FILENAME}"^[[0m
lychee	Run lycheeverse/lychee-action@v2	2026-10-05T10:23:55.1986084Z ^[[36;1m  fi^[[0m
lychee	Run lycheeverse/lychee-action@v2	2026-10-05T10:23:55.1986572Z ^[[36;1mfi^[[0m
lychee	Run lycheeverse/lychee-action@v2	2026-10-05T10:23:55.1987046Z ^[[36;1m^[[0m
lychee	Run lycheeverse/lychee-action@v2	2026-10-05T10:23:55.1987599Z ^[[36;1mecho "Downloading from: ${DOWNLOAD_URL}"^[[0m
lychee	Run lycheeverse/lychee-action@v2	2026-10-05T10:23:55.1988430Z ^[[36;1mcurl -sfLO "${DOWNLOAD_URL}"^[[0m
lychee	Run lycheeverse/lychee-action@v2	2026-10-05T10:23:55.1989050Z ^[[36;1m^[[0m
lychee	Run lycheeverse/lychee-action@v2	2026-10-05T10:23:55.1989723Z ^[[36;1mecho "Extracting ${FILENAME}"^[[0m
lychee	Run lycheeverse/lychee-action@v2	2026-10-05T10:23:55.1990388Z ^[[36;1mtar -xvzf "${FILENAME}"^[[0m
lychee	Run lycheeverse/lychee-action@v2	2026-10-05T10:23:55.1991008Z ^[[36;1mrm -rv "${FILENAME}"^[[0m
lychee	Run lycheeverse/lychee-action@v2	2026-10-05T10:23:55.1991584Z ^[[36;1m^[[0m
lychee	Run lycheeverse/lychee-action@v2	2026-10-05T10:23:55.1992342Z ^[[36;1m# Detect if lychee binary is in a subfolder within the tar.gz^[[0m
lychee	Run lycheeverse/lychee-action@v2	2026-10-05T10:23:55.1993238Z ^[[36;1mif ! [[ -f "${TEMP_DIR}/lychee" ]]; then^[[0m
lychee	Run lycheeverse/lychee-action@v2	2026-10-05T10:23:55.1994157Z ^[[36;1m  TEMP_DIR="$(echo "${TEMP_DIR}"/lychee-*)"  # need `echo` to evaluate glob^[[0m
lychee	Run lycheeverse/lychee-action@v2	2026-10-05T10:23:55.1995023Z ^[[36;1mfi^[[0m
lychee	Run lycheeverse/lychee-action@v2	2026-10-05T10:23:55.1995570Z ^[[36;1mif ! [[ -f "${TEMP_DIR}/lychee" ]]; then^[[0m
lychee	Run lycheeverse/lychee-action@v2	2026-10-05T10:23:55.1996583Z ^[[36;1m  echo "Cannot find lychee binary in $TEMP_DIR. Did the archive structure change?" >&2^[[0m
lychee	Run lycheeverse/lychee-action@v2	2026-10-05T10:23:55.1997549Z ^[[36;1m  exit 1^[[0m
lychee	Run lycheeverse/lychee-action@v2	2026-10-05T10:23:55.1998049Z ^[[36;1mfi^[[0m
lychee	Run lycheeverse/lychee-action@v2	2026-10-05T10:23:55.1998527Z ^[[36;1m^[[0m
lychee	Run lycheeverse/lychee-action@v2	2026-10-05T10:23:55.1999110Z ^[[36;1m# Output temp directory for use in later steps^[[0m
lychee	Run lycheeverse/lychee-action@v2	2026-10-05T10:23:55.1999935Z ^[[36;1mecho "temp_dir=${TEMP_DIR}" >> $GITHUB_OUTPUT^[[0m
lychee	Run lycheeverse/lychee-action@v2	2026-10-05T10:23:55.2055847Z shell: /usr/bin/bash --noprofile --norc -e -o pipefail {0}
lychee	Run lycheeverse/lychee-action@v2	2026-10-05T10:23:55.2056658Z env:
lychee	Run lycheeverse/lychee-action@v2	2026-10-05T10:23:55.2057156Z   LYCHEE_VERSION: v0.24.2
lychee	Run lycheeverse/lychee-action@v2	2026-10-05T10:23:55.2057712Z ##[endgroup]
lychee	Run lycheeverse/lychee-action@v2	2026-10-05T10:23:55.2295399Z Downloading from: https://github.com/lycheeverse/lychee/releases/download/lychee-v0.24.2/lychee-x86_64-unknown-linux-gnu.tar.gz
lychee	Run lycheeverse/lychee-action@v2	2026-10-05T10:23:55.6451793Z Extracting lychee-x86_64-unknown-linux-gnu.tar.gz
lychee	Run lycheeverse/lychee-action@v2	2026-10-05T10:23:55.6473310Z lychee-x86_64-unknown-linux-gnu/
lychee	Run lycheeverse/lychee-action@v2	2026-10-05T10:23:55.6473681Z lychee-x86_64-unknown-linux-gnu/README.md
lychee	Run lycheeverse/lychee-action@v2	2026-10-05T10:23:55.6477977Z lychee-x86_64-unknown-linux-gnu/docs/
lychee	Run lycheeverse/lychee-action@v2	2026-10-05T10:23:55.6478232Z lychee-x86_64-unknown-linux-gnu/docs/lychee.1
lychee	Run lycheeverse/lychee-action@v2	2026-10-05T10:23:55.6478539Z lychee-x86_64-unknown-linux-gnu/docs/TROUBLESHOOTING.md
lychee	Run lycheeverse/lychee-action@v2	2026-10-05T10:23:55.6478850Z lychee-x86_64-unknown-linux-gnu/docs/PRE_COMMIT.md
lychee	Run lycheeverse/lychee-action@v2	2026-10-05T10:23:55.6479074Z lychee-x86_64-unknown-linux-gnu/complete/
lychee	Run lycheeverse/lychee-action@v2	2026-10-05T10:23:55.6479412Z lychee-x86_64-unknown-linux-gnu/complete/_lychee.ps1
lychee	Run lycheeverse/lychee-action@v2	2026-10-05T10:23:55.6479769Z lychee-x86_64-unknown-linux-gnu/complete/lychee.elv
lychee	Run lycheeverse/lychee-action@v2	2026-10-05T10:23:55.6479994Z lychee-x86_64-unknown-linux-gnu/complete/lychee.fish
lychee	Run lycheeverse/lychee-action@v2	2026-10-05T10:23:55.6480240Z lychee-x86_64-unknown-linux-gnu/complete/lychee.bash
lychee	Run lycheeverse/lychee-action@v2	2026-10-05T10:23:55.6480509Z lychee-x86_64-unknown-linux-gnu/complete/_lychee
lychee	Run lycheeverse/lychee-action@v2	2026-10-05T10:23:55.6480881Z lychee-x86_64-unknown-linux-gnu/lychee
lychee	Run lycheeverse/lychee-action@v2	2026-10-05T10:23:55.7437944Z removed 'lychee-x86_64-unknown-linux-gnu.tar.gz'
lychee	Run lycheeverse/lychee-action@v2	2026-10-05T10:23:55.7466255Z ##[end-action id=__lycheeverse_lychee-action.lychee-setup;outcome=success;conclusion=success;duration_ms=570]
lychee	Run lycheeverse/lychee-action@v2	2026-10-05T10:23:55.7470160Z ##[start-action display=Install lychee;id=__lycheeverse_lychee-action.__run_2]
lychee	Run lycheeverse/lychee-action@v2	2026-10-05T10:23:55.7515643Z ##[group]Run # Install lychee from the temporary directory
lychee	Run lycheeverse/lychee-action@v2	2026-10-05T10:23:55.7515917Z ^[[36;1m# Install lychee from the temporary directory^[[0m
lychee	Run lycheeverse/lychee-action@v2	2026-10-05T10:23:55.7516272Z ^[[36;1minstall -t "$RUNNER_TEMP/lychee/bin" -D "/home/runner/work/_temp/lychee-download/lychee-x86_64-unknown-linux-gnu/lychee"^[[0m
lychee	Run lycheeverse/lychee-action@v2	2026-10-05T10:23:55.7568518Z shell: /usr/bin/bash --noprofile --norc -e -o pipefail {0}
lychee	Run lycheeverse/lychee-action@v2	2026-10-05T10:23:55.7568747Z ##[endgroup]
lychee	Run lycheeverse/lychee-action@v2	2026-10-05T10:23:55.8155175Z ##[end-action id=__lycheeverse_lychee-action.__run_2;outcome=success;conclusion=success;duration_ms=68]
lychee	Run lycheeverse/lychee-action@v2	2026-10-05T10:23:55.8163210Z ##[start-action display=Run Lychee;id=__lycheeverse_lychee-action.run-lychee]
lychee	Run lycheeverse/lychee-action@v2	2026-10-05T10:23:55.8180899Z ##[group]Run /home/runner/work/_actions/lycheeverse/lychee-action/v2/entrypoint.sh
lychee	Run lycheeverse/lychee-action@v2	2026-10-05T10:23:55.8181269Z ^[[36;1m/home/runner/work/_actions/lycheeverse/lychee-action/v2/entrypoint.sh^[[0m
lychee	Run lycheeverse/lychee-action@v2	2026-10-05T10:23:55.8234912Z shell: /usr/bin/bash --noprofile --norc -e -o pipefail {0}
lychee	Run lycheeverse/lychee-action@v2	2026-10-05T10:23:55.8235148Z env:
lychee	Run lycheeverse/lychee-action@v2	2026-10-05T10:23:55.8236608Z   INPUT_TOKEN: ***
lychee	Run lycheeverse/lychee-action@v2	2026-10-05T10:23:55.8237025Z   INPUT_ARGS: --no-progress --include-fragments --exclude-path node_modules --exclude-path .venv --exclude https://www.npmjs.com/ --accept 200,206,429 './**/*.md'
lychee	Run lycheeverse/lychee-action@v2	2026-10-05T10:23:55.8237617Z   INPUT_DEBUG: false
lychee	Run lycheeverse/lychee-action@v2	2026-10-05T10:23:55.8237767Z   INPUT_FAIL: true
lychee	Run lycheeverse/lychee-action@v2	2026-10-05T10:23:55.8237918Z   INPUT_FAILIFEMPTY: true
lychee	Run lycheeverse/lychee-action@v2	2026-10-05T10:23:55.8238085Z   INPUT_FORMAT: markdown
lychee	Run lycheeverse/lychee-action@v2	2026-10-05T10:23:55.8238246Z   INPUT_JOBSUMMARY: true
lychee	Run lycheeverse/lychee-action@v2	2026-10-05T10:23:55.8238409Z   INPUT_CHECKBOX: true
lychee	Run lycheeverse/lychee-action@v2	2026-10-05T10:23:55.8238567Z   INPUT_OUTPUT: lychee/out.md
lychee	Run lycheeverse/lychee-action@v2	2026-10-05T10:23:55.8238876Z   SUMMARY_URL: https://github.com/Actenon/actenon-permit/actions/runs/37296308496#summary-111718244390
lychee	Run lycheeverse/lychee-action@v2	2026-10-05T10:23:55.8239176Z ##[endgroup]
lychee	Run lycheeverse/lychee-action@v2	2026-10-05T10:23:57.4083704Z # Summary
lychee	Run lycheeverse/lychee-action@v2	2026-10-05T10:23:57.4084633Z 
lychee	Run lycheeverse/lychee-action@v2	2026-10-05T10:23:57.4084917Z | Status         | Count |
lychee	Run lycheeverse/lychee-action@v2	2026-10-05T10:23:57.4085357Z |----------------|-------|
lychee	Run lycheeverse/lychee-action@v2	2026-10-05T10:23:57.4086019Z | 🔍 Total       | 93    |
lychee	Run lycheeverse/lychee-action@v2	2026-10-05T10:23:57.4086371Z | 🔗 Unique      | 82    |
lychee	Run lycheeverse/lychee-action@v2	2026-10-05T10:23:57.4086709Z | ✅ Successful  | 84    |
lychee	Run lycheeverse/lychee-action@v2	2026-10-05T10:23:57.4087053Z | ⏳ Timeouts    | 0     |
lychee	Run lycheeverse/lychee-action@v2	2026-10-05T10:23:57.4087407Z | 🔀 Redirected  | 0     |
lychee	Run lycheeverse/lychee-action@v2	2026-10-05T10:23:57.4087803Z | 👻 Excluded    | 1     |
lychee	Run lycheeverse/lychee-action@v2	2026-10-05T10:23:57.4088287Z | ❓ Unknown     | 0     |
lychee	Run lycheeverse/lychee-action@v2	2026-10-05T10:23:57.4088639Z | 🚫 Errors      | 8     |
lychee	Run lycheeverse/lychee-action@v2	2026-10-05T10:23:57.4088994Z | ⛔ Unsupported | 0     |
lychee	Run lycheeverse/lychee-action@v2	2026-10-05T10:23:57.4089231Z 
lychee	Run lycheeverse/lychee-action@v2	2026-10-05T10:23:57.4089534Z ## Errors per input
lychee	Run lycheeverse/lychee-action@v2	2026-10-05T10:23:57.4089765Z 
lychee	Run lycheeverse/lychee-action@v2	2026-10-05T10:23:57.4090050Z ### Errors in docs/evidence/typed-request/integrated-review.md
lychee	Run lycheeverse/lychee-action@v2	2026-10-05T10:23:57.4090397Z 
lychee	Run lycheeverse/lychee-action@v2	2026-10-05T10:23:57.4091042Z * [ERROR] <file:///home/runner/work/actenon-permit/actenon-permit/docs/evidence/typed-request/permit-review-regressions-after.xml> (at 58:7) | File not found. Check if file exists and path is correct
lychee	Run lycheeverse/lychee-action@v2	2026-10-05T10:23:57.4092018Z * [ERROR] <file:///home/runner/work/actenon-permit/actenon-permit/docs/work/boundary-bounded-body-after.xml> (at 70:24) | File not found. Check if file exists and path is correct
lychee	Run lycheeverse/lychee-action@v2	2026-10-05T10:23:57.4093175Z * [ERROR] <file:///home/runner/work/actenon-permit/actenon-permit/docs/work/boundary-bounded-body-before.xml> (at 69:3) | File not found. Check if file exists and path is correct
lychee	Run lycheeverse/lychee-action@v2	2026-10-05T10:23:57.4093976Z * [ERROR] <file:///home/runner/work/actenon-permit/actenon-permit/docs/work/boundary-declared-types-before.xml> (at 67:3) | File not found. Check if file exists and path is correct
lychee	Run lycheeverse/lychee-action@v2	2026-10-05T10:23:57.4094568Z * [ERROR] <file:///home/runner/work/actenon-permit/actenon-permit/docs/work/raw-request-ingress-after-pinned.xml> (at 64:3) | File not found. Check if file exists and path is correct
lychee	Run lycheeverse/lychee-action@v2	2026-10-05T10:23:57.4095144Z * [ERROR] <file:///home/runner/work/actenon-permit/actenon-permit/docs/work/raw-request-ingress-before.xml> (at 61:3) | File not found. Check if file exists and path is correct
lychee	Run lycheeverse/lychee-action@v2	2026-10-05T10:23:57.4095732Z * [ERROR] <file:///home/runner/work/actenon-permit/actenon-permit/docs/work/raw-request-ingress-final-corpus-before.xml> (at 62:26) | File not found. Check if file exists and path is correct
lychee	Run lycheeverse/lychee-action@v2	2026-10-05T10:23:57.4096334Z * [ERROR] <file:///home/runner/work/actenon-permit/actenon-permit/docs/work/typed-request-review-before.xml> (at 57:3) | File not found. Check if file exists and path is correct
lychee	Run lycheeverse/lychee-action@v2	2026-10-05T10:23:57.4096650Z 
lychee	Run lycheeverse/lychee-action@v2	2026-10-05T10:23:57.4096740Z 
lychee	Run lycheeverse/lychee-action@v2	2026-10-05T10:23:57.4229438Z ##[notice]Summary report available at: https://github.com/Actenon/actenon-permit/actions/runs/37296308496#summary-111718244390
lychee	Run lycheeverse/lychee-action@v2	2026-10-05T10:23:57.4234893Z ##[error]Process completed with exit code 2.
lychee	Run lycheeverse/lychee-action@v2	2026-10-05T10:23:57.4321102Z ##[end-action id=__lycheeverse_lychee-action.run-lychee;outcome=failure;conclusion=failure;duration_ms=1615]
